******************************************************************************
                  MSP430 Linker PC v4.2.1                      
******************************************************************************
>> Linked Mon Apr 28 14:27:21 2014

OUTPUT FILE NAME:   <EC450 PROJECT1.out>
ENTRY POINT SYMBOL: "_c_int00"  address: 0000c714


MEMORY CONFIGURATION

         name            origin    length      used     unused   attr    fill
----------------------  --------  ---------  --------  --------  ----  --------
  SFR                   00000000   00000010  00000000  00000010  RWIX
  PERIPHERALS_8BIT      00000010   000000f0  00000000  000000f0  RWIX
  PERIPHERALS_16BIT     00000100   00000100  00000000  00000100  RWIX
  RAM                   00000200   00000200  000001fc  00000004  RWIX
  INFOD                 00001000   00000040  00000000  00000040  RWIX
  INFOC                 00001040   00000040  00000000  00000040  RWIX
  INFOB                 00001080   00000040  00000000  00000040  RWIX
  INFOA                 000010c0   00000040  00000000  00000040  RWIX
  FLASH                 0000c000   00003fe0  000007f6  000037ea  RWIX
  INT00                 0000ffe0   00000002  00000000  00000002  RWIX
  INT01                 0000ffe2   00000002  00000000  00000002  RWIX
  INT02                 0000ffe4   00000002  00000002  00000000  RWIX
  INT03                 0000ffe6   00000002  00000002  00000000  RWIX
  INT04                 0000ffe8   00000002  00000000  00000002  RWIX
  INT05                 0000ffea   00000002  00000002  00000000  RWIX
  INT06                 0000ffec   00000002  00000002  00000000  RWIX
  INT07                 0000ffee   00000002  00000002  00000000  RWIX
  INT08                 0000fff0   00000002  00000002  00000000  RWIX
  INT09                 0000fff2   00000002  00000002  00000000  RWIX
  INT10                 0000fff4   00000002  00000002  00000000  RWIX
  INT11                 0000fff6   00000002  00000002  00000000  RWIX
  INT12                 0000fff8   00000002  00000002  00000000  RWIX
  INT13                 0000fffa   00000002  00000002  00000000  RWIX
  INT14                 0000fffc   00000002  00000002  00000000  RWIX
  RESET                 0000fffe   00000002  00000002  00000000  RWIX


SECTION ALLOCATION MAP

 output                                  attributes/
section   page    origin      length       input sections
--------  ----  ----------  ----------   ----------------
.data      0    00000000    00000008     FAILED TO ALLOCATE
.cio       0    00000000    00000120     FAILED TO ALLOCATE
.init_array 
*          0    0000c000    00000000     UNINITIALIZED

.TI.persistent 
*          0    00000000    00000000     FAILED TO ALLOCATE
.bss       0    00000200    000001ac     UNINITIALIZED
                  00000200    000000c8     (.common:seqarray)
                  000002c8    000000c8     (.common:storage)
                  00000390    00000008     (.common:parmbuf)
                  00000398    00000004     (.common:global_timer)
                  0000039c    00000002     (.common:hack)
                  0000039e    00000002     (.common:i)
                  000003a0    00000002     (.common:randnum)
                  000003a2    00000002     (.common:roundcount)
                  000003a4    00000002     (.common:roundtime)
                  000003a6    00000002     (.common:seqcount)
                  000003a8    00000002     (.common:storagecount)
                  000003aa    00000002     (.common:wrong)

.TI.noinit 
*          0    00000200    00000000     UNINITIALIZED

.stack     0    000003b0    00000050     UNINITIALIZED
                  000003b0    00000002     rts430_eabi.lib : boot.obj (.stack)
                  000003b2    0000004e     --HOLE--

.text      0    0000c000    000007d0     
                  0000c000    00000298     main.obj (.text:WDT_interval_handler)
                  0000c298    000000f6     main.obj (.text:button_handler)
                  0000c38e    00000060     main.obj (.text:buttonpress)
                  0000c3ee    0000005e     rts430_eabi.lib : copy_decompress_rle.obj (.text:__TI_decompress_rle_core)
                  0000c44c    0000005e                     : autoinit.obj (.text:_auto_init)
                  0000c4aa    00000054     main.obj (.text:main)
                  0000c4fe    00000050     rts430_eabi.lib : trgdrv.obj (.text:HOSTtime)
                  0000c54e    0000004c                     : lsr16.obj (.text)
                  0000c59a    00000048     main.obj (.text:buttonrelease)
                  0000c5e2    0000003e     rts430_eabi.lib : lsl32.obj (.text:l_lsl_const)
                  0000c620    00000038                     : rand.obj (.text:rand)
                  0000c658    0000002e                     : trgmsg.obj (.text:__TI_writemsg)
                  0000c686    0000002c                     : trgmsg.obj (.text:__TI_readmsg)
                  0000c6b2    00000026                     : mult32.obj (.text)
                  0000c6d8    00000020     main.obj (.text:init_button)
                  0000c6f8    0000001c     main.obj (.text:init_timer)
                  0000c714    0000001a     rts430_eabi.lib : boot.obj (.text:_c_int00_noexit)
                  0000c72e    00000018                     : rand.obj (.text:srand)
                  0000c746    00000018                     : time.obj (.text:time)
                  0000c75e    00000014                     : copy_zero_init.obj (.text:decompress:ZI:__TI_zero_init)
                  0000c772    00000014                     : mult16.obj (.text)
                  0000c786    00000012                     : copy_decompress_none.obj (.text:decompress:none:__TI_decompress_none)
                  0000c798    00000012                     : memcpy.obj (.text:memcpy)
                  0000c7aa    00000010                     : epilog.obj (.text)
                  0000c7ba    00000006                     : isr_trap.obj (.text:__TI_ISR_TRAP)
                  0000c7c0    00000006                     : copy_decompress_rle.obj (.text:decompress:rle24:__TI_decompress_rle24)
                  0000c7c6    00000004                     : pre_init.obj (.text:_system_pre_init)
                  0000c7ca    00000004                     : exit.obj (.text:abort)
                  0000c7ce    00000002                     : _lock.obj (.text:_nop)

.cinit     0    0000c7d0    00000026     
                  0000c7d0    0000000c     (.cinit..data.load) [load image]
                  0000c7dc    00000006     (__TI_handler_table)
                  0000c7e2    00000004     (.cinit..bss.load) [load image, compression = zero_init]
                  0000c7e6    00000004     (.cinit..cio.load) [load image, compression = zero_init]
                  0000c7ea    0000000c     (__TI_cinit_table)

PORT1      0    0000ffe4    00000002     
                  0000ffe4    00000002     main.obj (.int02)

PORT2      0    0000ffe6    00000002     
                  0000ffe6    00000002     rts430_eabi.lib : int03.obj (.int03)

ADC10      0    0000ffea    00000002     
                  0000ffea    00000002     rts430_eabi.lib : int05.obj (.int05)

USCIAB0TX 
*          0    0000ffec    00000002     
                  0000ffec    00000002     rts430_eabi.lib : int06.obj (.int06)

USCIAB0RX 
*          0    0000ffee    00000002     
                  0000ffee    00000002     rts430_eabi.lib : int07.obj (.int07)

TIMER0_A1 
*          0    0000fff0    00000002     
                  0000fff0    00000002     rts430_eabi.lib : int08.obj (.int08)

TIMER0_A0 
*          0    0000fff2    00000002     
                  0000fff2    00000002     rts430_eabi.lib : int09.obj (.int09)

WDT        0    0000fff4    00000002     
                  0000fff4    00000002     main.obj (.int10)

COMPARATORA 
*          0    0000fff6    00000002     
                  0000fff6    00000002     rts430_eabi.lib : int11.obj (.int11)

TIMER1_A1 
*          0    0000fff8    00000002     
                  0000fff8    00000002     rts430_eabi.lib : int12.obj (.int12)

TIMER1_A0 
*          0    0000fffa    00000002     
                  0000fffa    00000002     rts430_eabi.lib : int13.obj (.int13)

NMI        0    0000fffc    00000002     
                  0000fffc    00000002     rts430_eabi.lib : int14.obj (.int14)

.reset     0    0000fffe    00000002     
                  0000fffe    00000002     rts430_eabi.lib : boot.obj (.reset)


LINKER GENERATED COPY TABLES

__TI_cinit_table @ 0000c7ea records: 3, size/record: 4, table size: 12
	.data: load addr=0000c7d0, load size=0000000c bytes, run addr=00000000, run size=00000008 bytes, compression=copy
	.bss: load addr=0000c7e2, load size=00000004 bytes, run addr=00000200, run size=000001ac bytes, compression=zero_init
	.cio: load addr=0000c7e6, load size=00000004 bytes, run addr=00000000, run size=00000120 bytes, compression=zero_init


LINKER GENERATED HANDLER TABLE

__TI_handler_table @ 0000c7dc records: 3, size/record: 2, table size: 6
	index: 0, handler: __TI_zero_init
	index: 1, handler: __TI_decompress_rle24
	index: 2, handler: __TI_decompress_none


GLOBAL SYMBOLS: SORTED ALPHABETICALLY BY Name 

address    name
--------   ----
0000004a   ADC10AE0
000001b0   ADC10CTL0
000001b2   ADC10CTL1
00000048   ADC10DTC0
00000049   ADC10DTC1
000001b4   ADC10MEM
000001bc   ADC10SA
00000057   BCSCTL1
00000058   BCSCTL2
00000053   BCSCTL3
0000c7ca   C$$EXIT
0000c682   C$$IO$$
00000059   CACTL1
0000005a   CACTL2
000010fb   CALBC1_12MHZ
000010f9   CALBC1_16MHZ
000010ff   CALBC1_1MHZ
000010fd   CALBC1_8MHZ
000010fa   CALDCO_12MHZ
000010f8   CALDCO_16MHZ
000010fe   CALDCO_1MHZ
000010fc   CALDCO_8MHZ
0000005b   CAPD
00000056   DCOCTL
00000128   FCTL1
0000012a   FCTL2
0000012c   FCTL3
0000c4fe   HOSTtime
00000000   IE1
00000001   IE2
00000002   IFG1
00000003   IFG2
00000022   P1DIR
00000025   P1IE
00000024   P1IES
00000023   P1IFG
00000020   P1IN
00000021   P1OUT
00000027   P1REN
00000026   P1SEL
00000041   P1SEL2
0000002a   P2DIR
0000002d   P2IE
0000002c   P2IES
0000002b   P2IFG
00000028   P2IN
00000029   P2OUT
0000002f   P2REN
0000002e   P2SEL
00000042   P2SEL2
0000001a   P3DIR
00000018   P3IN
00000019   P3OUT
00000010   P3REN
0000001b   P3SEL
00000043   P3SEL2
00000172   TA0CCR0
00000174   TA0CCR1
00000176   TA0CCR2
00000162   TA0CCTL0
00000164   TA0CCTL1
00000166   TA0CCTL2
00000160   TA0CTL
0000012e   TA0IV
00000170   TA0R
00000192   TA1CCR0
00000194   TA1CCR1
00000196   TA1CCR2
00000182   TA1CCTL0
00000184   TA1CCTL1
00000186   TA1CCTL2
00000180   TA1CTL
0000011e   TA1IV
00000190   TA1R
0000005d   UCA0ABCTL
00000062   UCA0BR0
00000063   UCA0BR1
00000060   UCA0CTL0
00000061   UCA0CTL1
0000005f   UCA0IRRCTL
0000005e   UCA0IRTCTL
00000064   UCA0MCTL
00000066   UCA0RXBUF
00000065   UCA0STAT
00000067   UCA0TXBUF
0000006a   UCB0BR0
0000006b   UCB0BR1
00000068   UCB0CTL0
00000069   UCB0CTL1
0000006c   UCB0I2CIE
00000118   UCB0I2COA
0000011a   UCB0I2CSA
0000006e   UCB0RXBUF
0000006d   UCB0STAT
0000006f   UCB0TXBUF
00000120   WDTCTL
0000c000   WDT_interval_handler
0000fff4   WDT_interval_handler_ptr
00000000   _CIOBUF_
00000400   __STACK_END
00000050   __STACK_SIZE
0000c7ea   __TI_CINIT_Base
0000c7f6   __TI_CINIT_Limit
0000c7dc   __TI_Handler_Table_Base
0000c7e2   __TI_Handler_Table_Limit
UNDEFED    __TI_INITARRAY_Base
UNDEFED    __TI_INITARRAY_Limit
0000c7ba   __TI_ISR_TRAP
00000001   __TI_args_main
0000c786   __TI_decompress_none
0000c7c0   __TI_decompress_rle24
00000001   __TI_exit
0000ffe4   __TI_int02
0000ffe6   __TI_int03
0000ffea   __TI_int05
0000ffec   __TI_int06
0000ffee   __TI_int07
0000fff0   __TI_int08
0000fff2   __TI_int09
0000fff4   __TI_int10
0000fff6   __TI_int11
0000fff8   __TI_int12
0000fffa   __TI_int13
0000fffc   __TI_int14
0000c686   __TI_readmsg
0000c658   __TI_writemsg
0000c75e   __TI_zero_init
ffffffff   __binit__
ffffffff   __c_args__
0000c7b6   __mspabi_func_epilog_1
0000c7b4   __mspabi_func_epilog_2
0000c7b2   __mspabi_func_epilog_3
0000c7b0   __mspabi_func_epilog_4
0000c7ae   __mspabi_func_epilog_5
0000c7ac   __mspabi_func_epilog_6
0000c7aa   __mspabi_func_epilog_7
0000c772   __mspabi_mpyi
0000c6b2   __mspabi_mpyl
0000c61a   __mspabi_slll_1
0000c5f6   __mspabi_slll_10
0000c5f2   __mspabi_slll_11
0000c5ee   __mspabi_slll_12
0000c5ea   __mspabi_slll_13
0000c5e6   __mspabi_slll_14
0000c5e2   __mspabi_slll_15
0000c616   __mspabi_slll_2
0000c612   __mspabi_slll_3
0000c60e   __mspabi_slll_4
0000c60a   __mspabi_slll_5
0000c606   __mspabi_slll_6
0000c602   __mspabi_slll_7
0000c5fe   __mspabi_slll_8
0000c5fa   __mspabi_slll_9
0000c54e   __mspabi_srli
0000c594   __mspabi_srli_1
0000c570   __mspabi_srli_10
0000c56c   __mspabi_srli_11
0000c568   __mspabi_srli_12
0000c564   __mspabi_srli_13
0000c560   __mspabi_srli_14
0000c55c   __mspabi_srli_15
0000c590   __mspabi_srli_2
0000c58c   __mspabi_srli_3
0000c588   __mspabi_srli_4
0000c584   __mspabi_srli_5
0000c580   __mspabi_srli_6
0000c57c   __mspabi_srli_7
0000c578   __mspabi_srli_8
0000c574   __mspabi_srli_9
0000c44c   _auto_init
0000c714   _c_int00
0000c714   _c_int00_noexit
00000000   _lock
0000c7ce   _nop
0000fffe   _reset_vector
000003b0   _stack
0000c7c6   _system_pre_init
00000002   _unlock
0000c7ca   abort
ffffffff   binit
0000c298   button_handler
0000ffe4   button_handler_ptr
0000c38e   buttonpress
0000c59a   buttonrelease
00000398   global_timer
0000039c   hack
0000039e   i
0000c6d8   init_button
0000c6f8   init_timer
0000c4aa   main
0000c798   memcpy
0000c620   rand
000003a0   randnum
000003a2   roundcount
000003a4   roundtime
00000200   seqarray
000003a6   seqcount
0000c72e   srand
000002c8   storage
000003a8   storagecount
0000c746   time
000003aa   wrong


GLOBAL SYMBOLS: SORTED BY Symbol Address 

address    name
--------   ----
00000000   IE1
00000000   _CIOBUF_
00000000   _lock
00000001   IE2
00000001   __TI_args_main
00000001   __TI_exit
00000002   IFG1
00000002   _unlock
00000003   IFG2
00000010   P3REN
00000018   P3IN
00000019   P3OUT
0000001a   P3DIR
0000001b   P3SEL
00000020   P1IN
00000021   P1OUT
00000022   P1DIR
00000023   P1IFG
00000024   P1IES
00000025   P1IE
00000026   P1SEL
00000027   P1REN
00000028   P2IN
00000029   P2OUT
0000002a   P2DIR
0000002b   P2IFG
0000002c   P2IES
0000002d   P2IE
0000002e   P2SEL
0000002f   P2REN
00000041   P1SEL2
00000042   P2SEL2
00000043   P3SEL2
00000048   ADC10DTC0
00000049   ADC10DTC1
0000004a   ADC10AE0
00000050   __STACK_SIZE
00000053   BCSCTL3
00000056   DCOCTL
00000057   BCSCTL1
00000058   BCSCTL2
00000059   CACTL1
0000005a   CACTL2
0000005b   CAPD
0000005d   UCA0ABCTL
0000005e   UCA0IRTCTL
0000005f   UCA0IRRCTL
00000060   UCA0CTL0
00000061   UCA0CTL1
00000062   UCA0BR0
00000063   UCA0BR1
00000064   UCA0MCTL
00000065   UCA0STAT
00000066   UCA0RXBUF
00000067   UCA0TXBUF
00000068   UCB0CTL0
00000069   UCB0CTL1
0000006a   UCB0BR0
0000006b   UCB0BR1
0000006c   UCB0I2CIE
0000006d   UCB0STAT
0000006e   UCB0RXBUF
0000006f   UCB0TXBUF
00000118   UCB0I2COA
0000011a   UCB0I2CSA
0000011e   TA1IV
00000120   WDTCTL
00000128   FCTL1
0000012a   FCTL2
0000012c   FCTL3
0000012e   TA0IV
00000160   TA0CTL
00000162   TA0CCTL0
00000164   TA0CCTL1
00000166   TA0CCTL2
00000170   TA0R
00000172   TA0CCR0
00000174   TA0CCR1
00000176   TA0CCR2
00000180   TA1CTL
00000182   TA1CCTL0
00000184   TA1CCTL1
00000186   TA1CCTL2
00000190   TA1R
00000192   TA1CCR0
00000194   TA1CCR1
00000196   TA1CCR2
000001b0   ADC10CTL0
000001b2   ADC10CTL1
000001b4   ADC10MEM
000001bc   ADC10SA
00000200   seqarray
000002c8   storage
00000398   global_timer
0000039c   hack
0000039e   i
000003a0   randnum
000003a2   roundcount
000003a4   roundtime
000003a6   seqcount
000003a8   storagecount
000003aa   wrong
000003b0   _stack
00000400   __STACK_END
000010f8   CALDCO_16MHZ
000010f9   CALBC1_16MHZ
000010fa   CALDCO_12MHZ
000010fb   CALBC1_12MHZ
000010fc   CALDCO_8MHZ
000010fd   CALBC1_8MHZ
000010fe   CALDCO_1MHZ
000010ff   CALBC1_1MHZ
0000c000   WDT_interval_handler
0000c298   button_handler
0000c38e   buttonpress
0000c44c   _auto_init
0000c4aa   main
0000c4fe   HOSTtime
0000c54e   __mspabi_srli
0000c55c   __mspabi_srli_15
0000c560   __mspabi_srli_14
0000c564   __mspabi_srli_13
0000c568   __mspabi_srli_12
0000c56c   __mspabi_srli_11
0000c570   __mspabi_srli_10
0000c574   __mspabi_srli_9
0000c578   __mspabi_srli_8
0000c57c   __mspabi_srli_7
0000c580   __mspabi_srli_6
0000c584   __mspabi_srli_5
0000c588   __mspabi_srli_4
0000c58c   __mspabi_srli_3
0000c590   __mspabi_srli_2
0000c594   __mspabi_srli_1
0000c59a   buttonrelease
0000c5e2   __mspabi_slll_15
0000c5e6   __mspabi_slll_14
0000c5ea   __mspabi_slll_13
0000c5ee   __mspabi_slll_12
0000c5f2   __mspabi_slll_11
0000c5f6   __mspabi_slll_10
0000c5fa   __mspabi_slll_9
0000c5fe   __mspabi_slll_8
0000c602   __mspabi_slll_7
0000c606   __mspabi_slll_6
0000c60a   __mspabi_slll_5
0000c60e   __mspabi_slll_4
0000c612   __mspabi_slll_3
0000c616   __mspabi_slll_2
0000c61a   __mspabi_slll_1
0000c620   rand
0000c658   __TI_writemsg
0000c682   C$$IO$$
0000c686   __TI_readmsg
0000c6b2   __mspabi_mpyl
0000c6d8   init_button
0000c6f8   init_timer
0000c714   _c_int00
0000c714   _c_int00_noexit
0000c72e   srand
0000c746   time
0000c75e   __TI_zero_init
0000c772   __mspabi_mpyi
0000c786   __TI_decompress_none
0000c798   memcpy
0000c7aa   __mspabi_func_epilog_7
0000c7ac   __mspabi_func_epilog_6
0000c7ae   __mspabi_func_epilog_5
0000c7b0   __mspabi_func_epilog_4
0000c7b2   __mspabi_func_epilog_3
0000c7b4   __mspabi_func_epilog_2
0000c7b6   __mspabi_func_epilog_1
0000c7ba   __TI_ISR_TRAP
0000c7c0   __TI_decompress_rle24
0000c7c6   _system_pre_init
0000c7ca   C$$EXIT
0000c7ca   abort
0000c7ce   _nop
0000c7dc   __TI_Handler_Table_Base
0000c7e2   __TI_Handler_Table_Limit
0000c7ea   __TI_CINIT_Base
0000c7f6   __TI_CINIT_Limit
0000ffe4   __TI_int02
0000ffe4   button_handler_ptr
0000ffe6   __TI_int03
0000ffea   __TI_int05
0000ffec   __TI_int06
0000ffee   __TI_int07
0000fff0   __TI_int08
0000fff2   __TI_int09
0000fff4   WDT_interval_handler_ptr
0000fff4   __TI_int10
0000fff6   __TI_int11
0000fff8   __TI_int12
0000fffa   __TI_int13
0000fffc   __TI_int14
0000fffe   _reset_vector
ffffffff   __binit__
ffffffff   __c_args__
ffffffff   binit
UNDEFED    __TI_INITARRAY_Base
UNDEFED    __TI_INITARRAY_Limit

[202 symbols]
